=== Starting Event Orchestration Backend Tests ===
prisma:error 
Invalid `prisma.user.findFirst()` invocation in
C:\Users\AVASA\Downloads\ai_mypandits\test_orchestration_api.ts:7:34

  4 console.log("=== Starting Event Orchestration Backend Tests ===");
  5 
  6 // 1. Get User ID
ΓåÆ 7 const user = await prisma.user.findFirst(
Can't reach database server at base
node.exe : PrismaClientKnownRequestError: 
At C:\Program Files\nodejs\npx.ps1:29 char:3
+   & $NODE_EXE $NPX_CLI_JS $args
+   ~~~~~~~~~~~~~~~~~~~~~~~~~~~~~
    + CategoryInfo          : NotSpecified: (PrismaClientKnownRequestError: :String) [], RemoteException
    + FullyQualifiedErrorId : NativeCommandError
 
Invalid `prisma.user.findFirst()` invocation in
C:\Users\AVASA\Downloads\ai_mypandits\test_orchestration_api.ts:7:34

  4 console.log("=== Starting Event Orchestration Backend Tests ===");
  5 
  6 // 1. Get User ID
ΓåÆ 7 const user = await prisma.user.findFirst(
Can't reach database server at base
    at Gr.handleRequestError (C:\Users\AVASA\Downloads\ai_mypandits\generated\prisma\client\runtime\client.js:69:8286)
    at Gr.handleAndLogRequestError 
(C:\Users\AVASA\Downloads\ai_mypandits\generated\prisma\client\runtime\client.js:69:7581)
    at Gr.request (C:\Users\AVASA\Downloads\ai_mypandits\generated\prisma\client\runtime\client.js:69:7288)
    at process.processTicksAndRejections (node:internal/process/task_queues:105:5)
    at async a (C:\Users\AVASA\Downloads\ai_mypandits\generated\prisma\client\runtime\client.js:79:6730)
    at async runTests (C:\Users\AVASA\Downloads\ai_mypandits\test_orchestration_api.ts:7:16) {
  code: 'P1001',
  meta: {
    modelName: 'User',
    driverAdapterError: DriverAdapterError: DatabaseNotReachable
        at PrismaPgAdapter.onError 
(C:\Users\AVASA\Downloads\ai_mypandits\node_modules\@prisma\adapter-pg\dist\index.js:678:11)
        at PrismaPgAdapter.performIO 
(C:\Users\AVASA\Downloads\ai_mypandits\node_modules\@prisma\adapter-pg\dist\index.js:673:12)
        at process.processTicksAndRejections (node:internal/process/task_queues:105:5)
        at async PrismaPgAdapter.queryRaw 
(C:\Users\AVASA\Downloads\ai_mypandits\node_modules\@prisma\adapter-pg\dist\index.js:604:30)
        at async o (C:\Users\AVASA\Downloads\ai_mypandits\generated\prisma\client\runtime\client.js:15:26386)
        at async e.interpretNode 
(C:\Users\AVASA\Downloads\ai_mypandits\generated\prisma\client\runtime\client.js:15:44601)
        at async e.interpretNode 
(C:\Users\AVASA\Downloads\ai_mypandits\generated\prisma\client\runtime\client.js:15:45045)
        at async e.interpretNode 
(C:\Users\AVASA\Downloads\ai_mypandits\generated\prisma\client\runtime\client.js:15:46265)
        at async e.run (C:\Users\AVASA\Downloads\ai_mypandits\generated\prisma\client\runtime\client.js:15:43315)
        at async e.execute (C:\Users\AVASA\Downloads\ai_mypandits\generated\prisma\client\runtime\client.js:61:815) {
      cause: [Object]
    }
  },
  clientVersion: '7.7.0'
}
